Microchip MPLAB XC8 Compiler V2.41

Linker command line:

-W-3 \
  --edf=C:/Program Files/Microchip/MPLABX/v6.10/packs/Microchip/PIC18F-K_DFP/1.8.249/xc8\pic\dat\20230209213641_en.msgs \
  -cn -h+dist/default/production\Exprimidor_naranjas_.X.production.sym \
  --cmf=dist/default/production\Exprimidor_naranjas_.X.production.cmf -z \
  -Q18F45K50 -oC:\Users\CAFE\AppData\Local\Temp\xcAsb90.\driver_tmp_3.o \
  --defsym=__MPLAB_BUILD=1 --fixupoverflow=error \
  -Mdist/default/production/Exprimidor_naranjas_.X.production.map \
  --md=C:\Users\CAFE\AppData\Local\Temp\xcAsb90.\driver_tmp_0.dat -E1 \
  -ver=XC8 Compiler --acfsm=1493 -ACODE=00h-07FFFh -ACONST=00h-07FFFh \
  -ASMALLCONST=0800h-08FFhx120 -AMEDIUMCONST=0800h-07FFFh -ACOMRAM=01h-05Fh \
  -AABS1=00h-07FFh -ABIGRAM=01h-07FFh -ARAM=060h-0FFh,0100h-01FFhx7 \
  -ABANK0=060h-0FFh -ABANK1=0100h-01FFh -ABANK2=0200h-02FFh \
  -ABANK3=0300h-03FFh -ABANK4=0400h-04FFh -ABANK5=0500h-05FFh \
  -ABANK6=0600h-06FFh -ABANK7=0700h-07FFh -ASFR=0F53h-0F5Fh,0F60h-0FFFh \
  -ABIGSFR=0F53h-0FFFh -ACONFIG=0300000h-030000Dh -AIDLOC=0200000h-0200007h \
  -AEEDATA=0F00000h-0F000FFh -peeprom_data=EEDATA \
  -preset_vec=00h,intcode=08h,intcodelo,powerup,init -pramtop=0800h \
  -psmallconst=SMALLCONST -pmediumconst=MEDIUMCONST -pconst=CONST \
  -AFARRAM=00h-00h \
  -prdata=COMRAM,nvrram=COMRAM,nvbit=COMRAM,rbss=COMRAM,rbit=COMRAM \
  -pfarbss=FARRAM,fardata=FARRAM,nvFARRAM=FARRAM \
  -pintsave_regs=BIGRAM,bigbss=BIGRAM,bigdata=BIGRAM -pbss=RAM \
  -pidata=CODE,irdata=CODE,ibigdata=CODE,ifardata=CODE -prparam=COMRAM \
  C:\Users\CAFE\AppData\Local\Temp\xcAsb90.\driver_tmp_9.o \
  dist/default/production\Exprimidor_naranjas_.X.production.o 

Object code version is 3.11

Machine type is 18F45K50



                Name                               Link     Load   Length Selector   Space Scale
C:\Users\CAFE\AppData\Local\Temp\xcAsb90.\driver_tmp_9.o
                config                           300000   300000        E        0       4
                init                                 2A       2A        4        4       0
                reset_vec                             0        0        4        0       0
dist/default/production\Exprimidor_naranjas_.X.production.o
                intcode                               8        8       22        4       0
                config                           300000   300000        E        0       4
                temp                                 5B       5B        1        1       1
                mediumconst                        6BBC     6BBC     1444     35DE       0
                text34                             154C     154C      39A        4       0
                text33                              940      940      42A        4       0
                text32                             1AA6     1AA6      1B4        4       0
                text31                             227C     227C       C6        4       0
                text30                             295C     295C        E        4       0
                text29                             2806     2806       42        4       0
                text28                             1E0C     1E0C      176        4       0
                text27                             28E6     28E6       1E        4       0
                text26                             2948     2948       14        4       0
                text25                             2934     2934       14        4       0
                text24                             2904     2904       1A        4       0
                text23                             28C8     28C8       1E        4       0
                text22                             24C4     24C4       8E        4       0
                text21                             2406     2406       BE        4       0
                text20                             2342     2342       C4        4       0
                text19                             296E     296E        4        4       0
                text18                             296A     296A        4        4       0
                text17                             18E6     18E6      1C0        4       0
                text16                             264A     264A       76        4       0
                text15                             25D4     25D4       76        4       0
                text14                             2552     2552       82        4       0
                text13                             26C0     26C0       6C        4       0
                text12                             2880     2880       26        4       0
                text11                             116A     116A      3E2        4       0
                text10                             272C     272C       4E        4       0
                text9                              218C     218C       F0        4       0
                text8                              2088     2088      104        4       0
                text7                              2848     2848       38        4       0
                text6                                2E       2E      4C0        4       0
                text5                              277A     277A       48        4       0
                text4                              1F82     1F82      106        4       0
                text3                               4EE      4EE      452        4       0
                text2                              291E     291E       16        4       0
                text1                              28A6     28A6       22        4       0
                text0                              1C5A     1C5A      1B2        4       0
                cstackCOMRAM                          1        1       57        1       1
                cstackBANK0                          86       86       1B       60       1
                dataBIGRAM                           A1       A1      400       A1       1
                bssBANK0                             60       60       26       60       1
                bssCOMRAM                            58       58        3        1       1
                cinit                              27C2     27C2       44        4       0
                idataBIGRAM                         D6A      D6A      400        4       0

TOTAL           Name                               Link     Load   Length     Space
        CLASS   CODE           
                intcode                               8        8       22         0
                init                                 2A       2A        4         0
                reset_vec                             0        0        4         0
                text34                             154C     154C      39A         0
                text33                              940      940      42A         0
                text32                             1AA6     1AA6      1B4         0
                text31                             227C     227C       C6         0
                text30                             295C     295C        E         0
                text29                             2806     2806       42         0
                text28                             1E0C     1E0C      176         0
                text27                             28E6     28E6       1E         0
                text26                             2948     2948       14         0
                text25                             2934     2934       14         0
                text24                             2904     2904       1A         0
                text23                             28C8     28C8       1E         0
                text22                             24C4     24C4       8E         0
                text21                             2406     2406       BE         0
                text20                             2342     2342       C4         0
                text19                             296E     296E        4         0
                text18                             296A     296A        4         0
                text17                             18E6     18E6      1C0         0
                text16                             264A     264A       76         0
                text15                             25D4     25D4       76         0
                text14                             2552     2552       82         0
                text13                             26C0     26C0       6C         0
                text12                             2880     2880       26         0
                text11                             116A     116A      3E2         0
                text10                             272C     272C       4E         0
                text9                              218C     218C       F0         0
                text8                              2088     2088      104         0
                text7                              2848     2848       38         0
                text6                                2E       2E      4C0         0
                text5                              277A     277A       48         0
                text4                              1F82     1F82      106         0
                text3                               4EE      4EE      452         0
                text2                              291E     291E       16         0
                text1                              28A6     28A6       22         0
                text0                              1C5A     1C5A      1B2         0
                cinit                              27C2     27C2       44         0
                idataBIGRAM                         D6A      D6A      400         0

        CLASS   CONST          

        CLASS   SMALLCONST     

        CLASS   MEDIUMCONST    
                mediumconst                        6BBC     6BBC     1444         0

        CLASS   COMRAM         
                temp                                 5B       5B        1         1
                cstackCOMRAM                          1        1       57         1
                bssCOMRAM                            58       58        3         1

        CLASS   ABS1           

        CLASS   BIGRAM         
                dataBIGRAM                           A1       A1      400         1

        CLASS   RAM            

        CLASS   BANK0          
                cstackBANK0                          86       86       1B         1
                bssBANK0                             60       60       26         1

        CLASS   BANK1          

        CLASS   BANK2          

        CLASS   BANK3          

        CLASS   BANK4          

        CLASS   BANK5          

        CLASS   BANK6          

        CLASS   BANK7          

        CLASS   SFR            

        CLASS   BIGSFR         

        CLASS   CONFIG         
                config                           300000   300000        E         4

        CLASS   IDLOC          

        CLASS   EEDATA         

        CLASS   FARRAM         

        CLASS   HEAP           

        CLASS   STACK          



SEGMENTS        Name                           Load    Length   Top    Selector   Space  Class

                reset_vec                      000000  000004  000004         0       0  CODE    
                cstackCOMRAM                   000001  00005B  00005C         1       1  COMRAM  
                intcode                        000008  00296A  002972         4       0  CODE    
                bssBANK0                       000060  000041  0000A1        60       1  BANK0   
                dataBIGRAM                     0000A1  000400  0004A1        A1       1  BIGRAM  
                mediumconst                    006BBC  001444  008000      35DE       0  MEDIUMCO


UNUSED ADDRESS RANGES

        Name                Unused          Largest block    Delta
        BANK4            0004A1-0004FF               5F
        BANK5            000500-0005FF              100
        BANK6            000600-0006FF              100
        BANK7            000700-0007FF              100
        BIGRAM           00005C-00005F                4
                         0004A1-0007FF              35F
        BIGSFR           000F53-000FFF               AD
        CODE             000004-000007                4
                         002972-006BBB             424A
        COMRAM           00005C-00005F                4
        CONST            000004-000007                4
                         002972-006BBB             424A
        EEDATA           F00000-F000FF              100
        IDLOC            200000-200007                8
        MEDIUMCONST      002972-006BBB             424A
        RAM              0004A1-0007FF              100
        SFR              000F53-000FFF                D
        SMALLCONST       002972-006BBB              100

                                  Symbol Table

?_HCSR04_Get_Distance          cstackCOMRAM 000043
?___awdiv                      cstackCOMRAM 000003
?___fladd                      cstackCOMRAM 000043
?___fldiv                      cstackCOMRAM 00002A
?___flmul                      cstackCOMRAM 000011
?___flneg                      cstackCOMRAM 000003
?___flsub                      cstackBANK0  000086
?___fltol                      cstackCOMRAM 00002A
?___wmul                       cstackCOMRAM 00000B
?___xxtofl                     cstackCOMRAM 000003
?_strlen                       cstackCOMRAM 000003
HCSR04_Get_Distance@dis_hc     cstackCOMRAM 000049
HCSR04_Get_Distance@timer_high cstackCOMRAM 00004D
HCSR04_Get_Distance@timer_low  cstackCOMRAM 00004F
I2C_Init_Master@sp_i2c         cstackCOMRAM 000003
I2C_Write@data                 cstackCOMRAM 000003
OLED_DrawPixel@color           cstackCOMRAM 00000F
OLED_DrawPixel@x               cstackCOMRAM 00000B
OLED_DrawPixel@y               cstackCOMRAM 00000D
OLED_H_Line@color              cstackCOMRAM 00001B
OLED_H_Line@temp               cstackCOMRAM 00001D
OLED_H_Line@x_end              cstackCOMRAM 000017
OLED_H_Line@x_start            cstackCOMRAM 000015
OLED_H_Line@y_pos              cstackCOMRAM 000019
OLED_Rectangle@color           cstackCOMRAM 000027
OLED_Rectangle@x1              cstackCOMRAM 00001F
OLED_Rectangle@x2              cstackCOMRAM 000023
OLED_Rectangle@y1              cstackCOMRAM 000021
OLED_Rectangle@y2              cstackCOMRAM 000025
OLED_SetFont@font              cstackCOMRAM 000003
OLED_Update@i                  cstackCOMRAM 000006
OLED_Update@x                  cstackCOMRAM 000005
OLED_V_Line@color              cstackCOMRAM 00001B
OLED_V_Line@temp               cstackCOMRAM 00001D
OLED_V_Line@x_pos              cstackCOMRAM 000019
OLED_V_Line@y_end              cstackCOMRAM 000017
OLED_V_Line@y_start            cstackCOMRAM 000015
OLED_Write@b                   cstackCOMRAM 00002F
OLED_Write@cbit                cstackCOMRAM 000023
OLED_Write@cbyte               cstackCOMRAM 000021
OLED_Write@cnt                 cstackCOMRAM 00002D
OLED_Write@cx                  cstackCOMRAM 000027
OLED_Write@cy                  cstackCOMRAM 000029
OLED_Write@font_idx            cstackCOMRAM 000025
OLED_Write@rowcnt              cstackCOMRAM 00002B
OLED_Write@temp                cstackCOMRAM 00001F
OLED_Write@value               cstackCOMRAM 000019
OLED_Write@x                   cstackCOMRAM 000015
OLED_Write@y                   cstackCOMRAM 000017
OLED_Write_Text@cnt            cstackCOMRAM 000038
OLED_Write_Text@length         cstackCOMRAM 000039
OLED_Write_Text@text           cstackCOMRAM 000034
OLED_Write_Text@x              cstackCOMRAM 000030
OLED_Write_Text@y              cstackCOMRAM 000032
_ADCON0bits                    (abs)        000FC2
_ADCON2bits                    (abs)        000FC0
_ADRESH                        (abs)        000FC4
_ANSELC                        (abs)        000F5D
_ANSELD                        (abs)        000F5E
_CCP1CONbits                   (abs)        000FBD
_CCPR1L                        (abs)        000FBE
_FONT_1                        mediumconst  007D95
_FONT_2                        mediumconst  0077A1
_FONT_3                        mediumconst  006BBD
_HCSR04_Get_Distance           text31       00227C
_HCSR04_Init                   text30       00295C
_I2C_Init_Master               text29       002806
_I2C_Start                     text26       002948
_I2C_Stop                      text25       002934
_I2C_Write                     text24       002904
_INTCON2bits                   (abs)        000FF1
_INTCONbits                    (abs)        000FF2
_ISR_high                      intcode      000008
_LATBbits                      (abs)        000F8A
_LATCbits                      (abs)        000F8B
_LATDbits                      (abs)        000F8C
_OLED_ClearDisplay             text27       0028E6
_OLED_DrawPixel                text17       0018E6
_OLED_H_Line                   text16       00264A
_OLED_Init                     text21       002406
_OLED_Rectangle                text14       002552
_OLED_SetFont                  text13       0026C0
_OLED_Update                   text22       0024C4
_OLED_V_Line                   text15       0025D4
_OLED_Write                    text11       00116A
_OLED_Write$2044               cstackCOMRAM 00001D
_OLED_Write_Text               text9        00218C
_PIR1bits                      (abs)        000F9E
_PORTBbits                     (abs)        000F81
_PR2                           (abs)        000FBB
_RCONbits                      (abs)        000FD0
_SSPADD                        (abs)        000FC8
_SSPBUF                        (abs)        000FC9
_SSPCON1                       (abs)        000FC6
_SSPCON2                       (abs)        000FC5
_SSPCON2bits                   (abs)        000FC5
_SSPSTAT                       (abs)        000FC7
_T1CON                         (abs)        000FCD
_T1CONbits                     (abs)        000FCD
_T2CONbits                     (abs)        000FBA
_TMR1H                         (abs)        000FCF
_TMR1L                         (abs)        000FCE
_TRISBbits                     (abs)        000F93
_TRISCbits                     (abs)        000F94
_TRISDbits                     (abs)        000F95
__HRAM                         (abs)        000000
__H__absolute__                __absolute__ 000000
__Habs1                        abs1         000000
__Hbank0                       bank0        000000
__Hbank1                       bank1        000000
__Hbank2                       bank2        000000
__Hbank3                       bank3        000000
__Hbank4                       bank4        000000
__Hbank5                       bank5        000000
__Hbank6                       bank6        000000
__Hbank7                       bank7        000000
__Hbigbss                      bigbss       000000
__Hbigdata                     bigdata      000000
__Hbigram                      bigram       000000
__Hbigsfr                      bigsfr       000000
__Hbss                         bss          000000
__HbssBANK0                    bssBANK0     000000
__HbssCOMRAM                   bssCOMRAM    000000
__Hcinit                       cinit        000000
__Hclrtext                     clrtext      000000
__Hcomram                      comram       000000
__Hconfig                      config       30000E
__Hconst                       const        000000
__HcstackBANK0                 cstackBANK0  000000
__HcstackCOMRAM                cstackCOMRAM 000000
__Hdata                        data         000000
__HdataBIGRAM                  dataBIGRAM   000000
__Heeprom_data                 eeprom_data  000000
__Hfarbss                      farbss       000000
__Hfardata                     fardata      000000
__Hheap                        heap         000000
__Hibigdata                    ibigdata     000000
__Hidata                       idata        000000
__HidataBIGRAM                 idataBIGRAM  000000
__Hidloc                       idloc        000000
__Hifardata                    ifardata     000000
__Hinit                        init         00002E
__Hintcode                     intcode      00002A
__Hintcode_body                intcode_body 000000
__Hintcodelo                   intcodelo    00002A
__Hintentry                    intentry     000000
__Hintret                      intret       000000
__Hintsave_regs                intsave_regs 000000
__Hirdata                      irdata       000000
__Hmediumconst                 mediumconst  008000
__HnvFARRAM                    nvFARRAM     000000
__Hnvbit                       nvbit        000000
__Hnvrram                      nvrram       000000
__Hparam                       rparam       000000
__Hpowerup                     powerup      00002A
__Hram                         ram          000000
__Hramtop                      ramtop       000800
__Hrbit                        rbit         000000
__Hrbss                        rbss         000000
__Hrdata                       rdata        000000
__Hreset_vec                   reset_vec    000004
__Hrparam                      rparam       000000
__Hsfr                         sfr          000000
__Hsmallconst                  smallconst   000000
__Hspace_0                     (abs)        008000
__Hspace_1                     (abs)        0004A1
__Hspace_2                     (abs)        000000
__Hspace_4                     (abs)        60000E
__Hstack                       stack        000000
__Hstruct                      struct       000000
__Htemp                        temp         00005C
__Htext                        text         000000
__Htext0                       text0        000000
__Htext1                       text1        000000
__Htext10                      text10       000000
__Htext11                      text11       000000
__Htext12                      text12       000000
__Htext13                      text13       000000
__Htext14                      text14       000000
__Htext15                      text15       000000
__Htext16                      text16       000000
__Htext17                      text17       000000
__Htext18                      text18       000000
__Htext19                      text19       000000
__Htext2                       text2        000000
__Htext20                      text20       000000
__Htext21                      text21       000000
__Htext22                      text22       000000
__Htext23                      text23       000000
__Htext24                      text24       000000
__Htext25                      text25       000000
__Htext26                      text26       000000
__Htext27                      text27       000000
__Htext28                      text28       000000
__Htext29                      text29       000000
__Htext3                       text3        000000
__Htext30                      text30       000000
__Htext31                      text31       000000
__Htext32                      text32       000000
__Htext33                      text33       000000
__Htext34                      text34       000000
__Htext4                       text4        000000
__Htext5                       text5        000000
__Htext6                       text6        000000
__Htext7                       text7        000000
__Htext8                       text8        000000
__Htext9                       text9        000000
__LRAM                         (abs)        000001
__L__absolute__                __absolute__ 000000
__Labs1                        abs1         000000
__Lbank0                       bank0        000000
__Lbank1                       bank1        000000
__Lbank2                       bank2        000000
__Lbank3                       bank3        000000
__Lbank4                       bank4        000000
__Lbank5                       bank5        000000
__Lbank6                       bank6        000000
__Lbank7                       bank7        000000
__Lbigbss                      bigbss       000000
__Lbigdata                     bigdata      000000
__Lbigram                      bigram       000000
__Lbigsfr                      bigsfr       000000
__Lbss                         bss          000000
__LbssBANK0                    bssBANK0     000000
__LbssCOMRAM                   bssCOMRAM    000000
__Lcinit                       cinit        000000
__Lclrtext                     clrtext      000000
__Lcomram                      comram       000000
__Lconfig                      config       000000
__Lconst                       const        000000
__LcstackBANK0                 cstackBANK0  000000
__LcstackCOMRAM                cstackCOMRAM 000000
__Ldata                        data         000000
__LdataBIGRAM                  dataBIGRAM   000000
__Leeprom_data                 eeprom_data  000000
__Lfarbss                      farbss       000000
__Lfardata                     fardata      000000
__Lheap                        heap         000000
__Libigdata                    ibigdata     000000
__Lidata                       idata        000000
__LidataBIGRAM                 idataBIGRAM  000000
__Lidloc                       idloc        000000
__Lifardata                    ifardata     000000
__Linit                        init         00002A
__Lintcode                     intcode      000008
__Lintcode_body                intcode_body 000000
__Lintcodelo                   intcodelo    00002A
__Lintentry                    intentry     000000
__Lintret                      intret       000000
__Lintsave_regs                intsave_regs 000000
__Lirdata                      irdata       000000
__Lmediumconst                 mediumconst  006BBC
__LnvFARRAM                    nvFARRAM     000000
__Lnvbit                       nvbit        000000
__Lnvrram                      nvrram       000000
__Lparam                       rparam       000000
__Lpowerup                     powerup      00002A
__Lram                         ram          000000
__Lramtop                      ramtop       000800
__Lrbit                        rbit         000000
__Lrbss                        rbss         000000
__Lrdata                       rdata        000000
__Lreset_vec                   reset_vec    000000
__Lrparam                      rparam       000000
__Lsfr                         sfr          000000
__Lsmallconst                  smallconst   000000
__Lspace_0                     (abs)        000000
__Lspace_1                     (abs)        000000
__Lspace_2                     (abs)        000000
__Lspace_4                     (abs)        000000
__Lstack                       stack        000000
__Lstruct                      struct       000000
__Ltemp                        temp         00005B
__Ltext                        text         000000
__Ltext0                       text0        000000
__Ltext1                       text1        000000
__Ltext10                      text10       000000
__Ltext11                      text11       000000
__Ltext12                      text12       000000
__Ltext13                      text13       000000
__Ltext14                      text14       000000
__Ltext15                      text15       000000
__Ltext16                      text16       000000
__Ltext17                      text17       000000
__Ltext18                      text18       000000
__Ltext19                      text19       000000
__Ltext2                       text2        000000
__Ltext20                      text20       000000
__Ltext21                      text21       000000
__Ltext22                      text22       000000
__Ltext23                      text23       000000
__Ltext24                      text24       000000
__Ltext25                      text25       000000
__Ltext26                      text26       000000
__Ltext27                      text27       000000
__Ltext28                      text28       000000
__Ltext29                      text29       000000
__Ltext3                       text3        000000
__Ltext30                      text30       000000
__Ltext31                      text31       000000
__Ltext32                      text32       000000
__Ltext33                      text33       000000
__Ltext34                      text34       000000
__Ltext4                       text4        000000
__Ltext5                       text5        000000
__Ltext6                       text6        000000
__Ltext7                       text7        000000
__Ltext8                       text8        000000
__Ltext9                       text9        000000
__S0                           (abs)        008000
__S1                           (abs)        0004A1
__S4                           (abs)        000000
__S5                           (abs)        000000
___awdiv                       text20       002342
___awdiv@counter               cstackCOMRAM 000007
___awdiv@dividend              cstackCOMRAM 000003
___awdiv@divisor               cstackCOMRAM 000005
___awdiv@quotient              cstackCOMRAM 000009
___awdiv@sign                  cstackCOMRAM 000008
___fladd                       text6        00002E
___fladd@a                     cstackCOMRAM 000047
___fladd@aexp                  cstackCOMRAM 000050
___fladd@b                     cstackCOMRAM 000043
___fladd@bexp                  cstackCOMRAM 000051
___fladd@grs                   cstackCOMRAM 000052
___fladd@signs                 cstackCOMRAM 00004F
___fldiv                       text34       00154C
___fldiv@a                     cstackCOMRAM 00002E
___fldiv@aexp                  cstackCOMRAM 000042
___fldiv@b                     cstackCOMRAM 00002A
___fldiv@bexp                  cstackCOMRAM 000041
___fldiv@grs                   cstackCOMRAM 00003D
___fldiv@new_exp               cstackCOMRAM 00003B
___fldiv@rem                   cstackCOMRAM 000036
___fldiv@sign                  cstackCOMRAM 00003A
___flge                        text8        002088
___flge@ff1                    cstackCOMRAM 000003
___flge@ff2                    cstackCOMRAM 000007
___flmul                       text33       000940
___flmul@a                     cstackCOMRAM 000015
___flmul@aexp                  cstackCOMRAM 00001E
___flmul@b                     cstackCOMRAM 000011
___flmul@bexp                  cstackCOMRAM 000023
___flmul@grs                   cstackCOMRAM 00001F
___flmul@prod                  cstackCOMRAM 000024
___flmul@sign                  cstackCOMRAM 00001D
___flmul@temp                  cstackCOMRAM 000028
___flneg                       text7        002848
___flneg@f1                    cstackCOMRAM 000003
___flsub                       text5        00277A
___flsub@a                     cstackBANK0  00008A
___flsub@b                     cstackBANK0  000086
___fltol                       text4        001F82
___fltol@exp1                  cstackCOMRAM 000033
___fltol@f1                    cstackCOMRAM 00002A
___fltol@sign1                 cstackCOMRAM 000032
___heap_hi                     (abs)        000000
___heap_lo                     (abs)        000000
___inthi_sp                    stack        000000
___intlo_sp                    stack        000000
___param_bank                  (abs)        000000
___rparam_used                 (abs)        000001
___sp                          stack        000000
___wmul                        text12       002880
___wmul@multiplicand           cstackCOMRAM 00000D
___wmul@multiplier             cstackCOMRAM 00000B
___wmul@product                cstackCOMRAM 00000F
___xxtofl                      text32       001AA6
___xxtofl@arg                  cstackCOMRAM 00000D
___xxtofl@exp                  cstackCOMRAM 00000C
___xxtofl@sign                 cstackCOMRAM 00000B
___xxtofl@val                  cstackCOMRAM 000003
__accesstop                    (abs)        000060
__activetblptr                 (abs)        000002
__end_of_FONT_1                mediumconst  007FDA
__end_of_FONT_2                mediumconst  007D95
__end_of_FONT_3                mediumconst  0077A1
__end_of_HCSR04_Get_Distance   text31       002342
__end_of_HCSR04_Init           text30       00296A
__end_of_I2C_Init_Master       text29       002848
__end_of_I2C_Start             text26       00295C
__end_of_I2C_Stop              text25       002948
__end_of_I2C_Write             text24       00291E
__end_of_ISR_high              intcode      00002A
__end_of_OLED_ClearDisplay     text27       002904
__end_of_OLED_DrawPixel        text17       001AA6
__end_of_OLED_H_Line           text16       0026C0
__end_of_OLED_Init             text21       0024C4
__end_of_OLED_Rectangle        text14       0025D4
__end_of_OLED_SetFont          text13       00272C
__end_of_OLED_Update           text22       002552
__end_of_OLED_V_Line           text15       00264A
__end_of_OLED_Write            text11       00154C
__end_of_OLED_Write_Text       text9        00227C
__end_of___awdiv               text20       002406
__end_of___fladd               text6        0004EE
__end_of___fldiv               text34       0018E6
__end_of___flge                text8        00218C
__end_of___flmul               text33       000D6A
__end_of___flneg               text7        002880
__end_of___flsub               text5        0027C2
__end_of___fltol               text4        002088
__end_of___wmul                text12       0028A6
__end_of___xxtofl              text32       001C5A
__end_of__initialization       cinit        0027F8
__end_of_floattostr            text3        000940
__end_of_height                text19       002972
__end_of_init_ADC              text2        002934
__end_of_init_PWM              text1        0028C8
__end_of_main                  text0        001E0C
__end_of_memset                text28       001F82
__end_of_ssd1306_command       text23       0028E6
__end_of_strlen                text10       00277A
__end_of_width                 text18       00296E
__initialization               cinit        0027C2
__mediumconst                  mediumconst  006BBC
__pbssBANK0                    bssBANK0     000060
__pbssCOMRAM                   bssCOMRAM    000058
__pcinit                       cinit        0027C2
__pcstackBANK0                 cstackBANK0  000086
__pcstackCOMRAM                cstackCOMRAM 000001
__pdataBIGRAM                  dataBIGRAM   0000A1
__pidataBIGRAM                 idataBIGRAM  000D6A
__pintcode                     intcode      000008
__pmediumconst                 mediumconst  006BBC
__ptext0                       text0        001C5A
__ptext1                       text1        0028A6
__ptext10                      text10       00272C
__ptext11                      text11       00116A
__ptext12                      text12       002880
__ptext13                      text13       0026C0
__ptext14                      text14       002552
__ptext15                      text15       0025D4
__ptext16                      text16       00264A
__ptext17                      text17       0018E6
__ptext18                      text18       00296A
__ptext19                      text19       00296E
__ptext2                       text2        00291E
__ptext20                      text20       002342
__ptext21                      text21       002406
__ptext22                      text22       0024C4
__ptext23                      text23       0028C8
__ptext24                      text24       002904
__ptext25                      text25       002934
__ptext26                      text26       002948
__ptext27                      text27       0028E6
__ptext28                      text28       001E0C
__ptext29                      text29       002806
__ptext3                       text3        0004EE
__ptext30                      text30       00295C
__ptext31                      text31       00227C
__ptext32                      text32       001AA6
__ptext33                      text33       000940
__ptext34                      text34       00154C
__ptext4                       text4        001F82
__ptext5                       text5        00277A
__ptext6                       text6        00002E
__ptext7                       text7        002848
__ptext8                       text8        002088
__ptext9                       text9        00218C
__ramtop                       ramtop       000800
__smallconst                   smallconst   000000
_adc_value                     bssBANK0     000085
_buffer                        bssBANK0     000071
_buffer@ssd1306_oled$F923      dataBIGRAM   0000A1
_cfont                         bssBANK0     000060
_dht_ok                        bssCOMRAM    000058
_floattostr                    text3        0004EE
_height                        text19       00296E
_humedad                       bssBANK0     000067
_init_ADC                      text2        00291E
_init_PWM                      text1        0028A6
_main                          text0        001C5A
_memset                        text28       001E0C
_selected_pin                  bssBANK0     00006F
_ssd1306_command               text23       0028C8
_strlen                        text10       00272C
_temperatura                   bssBANK0     00006B
_valorB                        bssCOMRAM    00005A
_width                         text18       00296A
btemp                          temp         00005B
end_of_initialization          cinit        0027F8
floattostr@cadena_             cstackBANK0  000092
floattostr@cont_for            cstackBANK0  00009D
floattostr@decimales_          cstackBANK0  000094
floattostr@largo_entera        cstackBANK0  00009F
floattostr@largo_n             cstackBANK0  00009B
floattostr@numero_             cstackBANK0  00008E
floattostr@tempo_float         cstackBANK0  000097
floattostr@tempo_int           cstackBANK0  000095
int$flags                      temp         00005B
intlevel0                      text         000000
intlevel1                      text         000000
intlevel2                      text         000000
intlevel3                      text         000000
isa$std                        (abs)        000001
isa$xinst                      (abs)        000000
main@distancia                 cstackCOMRAM 000054
memset@c                       cstackCOMRAM 000005
memset@dest                    cstackCOMRAM 000003
memset@k                       cstackCOMRAM 00000B
memset@n                       cstackCOMRAM 000007
memset@s                       cstackCOMRAM 00000D
ssd1306_command@command        cstackCOMRAM 000004
stackhi                        (abs)        000000
stacklo                        (abs)        000000
start                          init         00002A
start_initialization           cinit        0027C2
strlen@a                       cstackCOMRAM 000005
strlen@s                       cstackCOMRAM 000003
ttemp5                         temp         00005C
ttemp6                         temp         00005F
ttemp7                         temp         000063
wtemp8                         temp         00005C


MODULE INFORMATION

Module		Function		Class		Link	Load	Size
Exprimidor_naranjas.c
		_ISR_high      		CODE           	0008	0000	34
		_main          		CODE           	1C5A	0000	434
		_init_ADC      		CODE           	291E	0000	22
		_init_PWM      		CODE           	28A6	0000	34

Exprimidor_naranjas.c estimated size: 524

C:\Program Files\Microchip\xc8\v2.41\pic\sources\c99\common\flge.c
		___flge        		CODE           	2088	0000	260

C:\Program Files\Microchip\xc8\v2.41\pic\sources\c99\common\flge.c estimated size: 260

ssd1306_oled.c
		_OLED_Update   		CODE           	24C4	0000	142
		_OLED_Write    		CODE           	116A	0000	994
		_ssd1306_command		CODE           	28C8	0000	30
		_OLED_ClearDisplay		CODE           	28E6	0000	30
		_OLED_Init     		CODE           	2406	0000	190
		_height        		CODE           	296E	0000	4
		_OLED_Write_Text		CODE           	218C	0000	240
		_OLED_Rectangle		CODE           	2552	0000	130
		_OLED_V_Line   		CODE           	25D4	0000	118
		_width         		CODE           	296A	0000	4
		_OLED_DrawPixel		CODE           	18E6	0000	448
		_OLED_SetFont  		CODE           	26C0	0000	108
		_OLED_H_Line   		CODE           	264A	0000	118

ssd1306_oled.c estimated size: 2556

C:\Program Files\Microchip\xc8\v2.41\pic\sources\c99\common\fltol.c
		___fltol       		CODE           	1F82	0000	262

C:\Program Files\Microchip\xc8\v2.41\pic\sources\c99\common\fltol.c estimated size: 262

C:\Program Files\Microchip\xc8\v2.41\pic\sources\c99\common\xxtofl.c
		___xxtofl      		CODE           	1AA6	0000	436

C:\Program Files\Microchip\xc8\v2.41\pic\sources\c99\common\xxtofl.c estimated size: 436

C:\Program Files\Microchip\xc8\v2.41\pic\sources\c99\common\strlen.c
		_strlen        		CODE           	272C	0000	78

C:\Program Files\Microchip\xc8\v2.41\pic\sources\c99\common\strlen.c estimated size: 78

i2c.c
		_I2C_Init_Master		CODE           	2806	0000	66
		_I2C_Write     		CODE           	2904	0000	26
		_I2C_Stop      		CODE           	2934	0000	20
		_I2C_Start     		CODE           	2948	0000	20

i2c.c estimated size: 132

C:\Program Files\Microchip\xc8\v2.41\pic\sources\c99\common\memset.c
		_memset        		CODE           	1E0C	0000	374

C:\Program Files\Microchip\xc8\v2.41\pic\sources\c99\common\memset.c estimated size: 374

C:\Program Files\Microchip\xc8\v2.41\pic\sources\c99\common\sprcadd.c
		___flsub       		CODE           	277A	0000	72
		___fladd       		CODE           	002E	0000	1216

C:\Program Files\Microchip\xc8\v2.41\pic\sources\c99\common\sprcadd.c estimated size: 1288

C:\Program Files\Microchip\xc8\v2.41\pic\sources\c99\common\awdiv.c
		___awdiv       		CODE           	2342	0000	196

C:\Program Files\Microchip\xc8\v2.41\pic\sources\c99\common\awdiv.c estimated size: 196

hc_sr04.c
		_HCSR04_Get_Distance		CODE           	227C	0000	198
		_HCSR04_Init   		CODE           	295C	0000	14

hc_sr04.c estimated size: 212

C:\Program Files\Microchip\xc8\v2.41\pic\sources\c99\common\flneg.c
		___flneg       		CODE           	2848	0000	56

C:\Program Files\Microchip\xc8\v2.41\pic\sources\c99\common\flneg.c estimated size: 56

./float_str.h
		_floattostr    		CODE           	04EE	0000	1106

./float_str.h estimated size: 1106

shared
		_FONT_1        		MEDIUMCONST    	7D95	0000	581
		__initialization		CODE           	27C2	0000	54
		_FONT_2        		MEDIUMCONST    	77A1	0000	1524
		_FONT_3        		MEDIUMCONST    	6BBD	0000	3044

shared estimated size: 5203

C:\Program Files\Microchip\xc8\v2.41\pic\sources\c99\common\Umul16.c
		___wmul        		CODE           	2880	0000	38

C:\Program Files\Microchip\xc8\v2.41\pic\sources\c99\common\Umul16.c estimated size: 38

C:\Program Files\Microchip\xc8\v2.41\pic\sources\c99\common\sprcmul.c
		___flmul       		CODE           	0940	0000	1066

C:\Program Files\Microchip\xc8\v2.41\pic\sources\c99\common\sprcmul.c estimated size: 1066

C:\Program Files\Microchip\xc8\v2.41\pic\sources\c99\common\sprcdiv.c
		___fldiv       		CODE           	154C	0000	922

C:\Program Files\Microchip\xc8\v2.41\pic\sources\c99\common\sprcdiv.c estimated size: 922

